[    0.000000] Linux version 4.15.0-212-generic (buildd@lcy02-amd64-083) (gcc version 7.5.0 (Ubuntu 7.5.0-3ubuntu1~18.04)) #223-Ubuntu SMP Tue May 23 13:09:22 UTC 2023 (Ubuntu 4.15.0-212.223-generic 4.15.18)
[    0.000000] Command line: BOOT_IMAGE=/boot/vmlinuz-4.15.0-212-generic root=LABEL=cloudimg-rootfs ro console=tty1 console=ttyS0
[    0.000000] KERNEL supported cpus:
[    0.000000]   Intel GenuineIntel
[    0.000000]   AMD AuthenticAMD
[    0.000000]   Centaur CentaurHauls
[    0.000000] [Firmware Bug]: TSC doesn't count with P0 frequency!
[    0.000000] x86/fpu: x87 FPU will use FXSAVE
[    0.000000] e820: BIOS-provided physical RAM map:
[    0.000000] BIOS-e820: [mem 0x0000000000000000-0x000000000009fbff] usable
[    0.000000] BIOS-e820: [mem 0x000000000009fc00-0x000000000009ffff] reserved
[    0.000000] BIOS-e820: [mem 0x00000000000f0000-0x00000000000fffff] reserved
[    0.000000] BIOS-e820: [mem 0x0000000000100000-0x000000003ffeffff] usable
[    0.000000] BIOS-e820: [mem 0x000000003fff0000-0x000000003fffffff] ACPI data
[    0.000000] BIOS-e820: [mem 0x00000000fec00000-0x00000000fec00fff] reserved
[    0.000000] BIOS-e820: [mem 0x00000000fee00000-0x00000000fee00fff] reserved
[    0.000000] BIOS-e820: [mem 0x00000000fffc0000-0x00000000ffffffff] reserved
[    0.000000] NX (Execute Disable) protection: active
[    0.000000] SMBIOS 2.5 present.
[    0.000000] DMI: innotek GmbH VirtualBox/VirtualBox, BIOS VirtualBox 12/01/2006
[    0.000000] Hypervisor detected: KVM
[    0.000000] e820: last_pfn = 0x3fff0 max_arch_pfn = 0x400000000
[    0.000000] MTRR: Disabled
[    0.000000] x86/PAT: MTRRs disabled, skipping PAT initialization too.
[    0.000000] CPU MTRRs all blank - virtualized system.
[    0.000000] x86/PAT: Configuration [0-7]: WB  WT  UC- UC  WB  WT  UC- UC  
[    0.000000] found SMP MP-table at [mem 0x0009fff0-0x0009ffff]
[    0.000000] Scanning 1 areas for low memory corruption
[    0.000000] RAMDISK: [mem 0x359cb000-0x36cdcfff]
[    0.000000] ACPI: Early table checksum verification disabled
[    0.000000] ACPI: RSDP 0x00000000000E0000 000024 (v02 VBOX  )
[    0.000000] ACPI: XSDT 0x000000003FFF0030 00003C (v01 VBOX   VBOXXSDT 00000001 ASL  00000061)
[    0.000000] ACPI: FACP 0x000000003FFF00F0 0000F4 (v04 VBOX   VBOXFACP 00000001 ASL  00000061)
[    0.000000] ACPI: DSDT 0x000000003FFF0610 002353 (v02 VBOX   VBOXBIOS 00000002 INTL 20100528)
[    0.000000] ACPI: FACS 0x000000003FFF0200 000040
[    0.000000] ACPI: FACS 0x000000003FFF0200 000040
[    0.000000] ACPI: APIC 0x000000003FFF0240 00005C (v02 VBOX   VBOXAPIC 00000001 ASL  00000061)
[    0.000000] ACPI: SSDT 0x000000003FFF02A0 00036C (v01 VBOX   VBOXCPUT 00000002 INTL 20100528)
[    0.000000] ACPI: Reserving FACP table memory at [mem 0x3fff00f0-0x3fff01e3]
[    0.000000] ACPI: Reserving DSDT table memory at [mem 0x3fff0610-0x3fff2962]
[    0.000000] ACPI: Reserving FACS table memory at [mem 0x3fff0200-0x3fff023f]
[    0.000000] ACPI: Reserving FACS table memory at [mem 0x3fff0200-0x3fff023f]
[    0.000000] ACPI: Reserving APIC table memory at [mem 0x3fff0240-0x3fff029b]
[    0.000000] ACPI: Reserving SSDT table memory at [mem 0x3fff02a0-0x3fff060b]
[    0.000000] No NUMA configuration found
[    0.000000] Faking a node at [mem 0x0000000000000000-0x000000003ffeffff]
[    0.000000] NODE_DATA(0) allocated [mem 0x3ffc5000-0x3ffeffff]
[    0.000000] kvm-clock: cpu 0, msr 0:3ff44001, primary cpu clock
[    0.000000] kvm-clock: Using msrs 4b564d01 and 4b564d00
[    0.000000] kvm-clock: using sched offset of 4542897196 cycles
[    0.000000] clocksource: kvm-clock: mask: 0xffffffffffffffff max_cycles: 0x1cd42e4dffb, max_idle_ns: 881590591483 ns
[    0.000000] Zone ranges:
[    0.000000]   DMA      [mem 0x0000000000001000-0x0000000000ffffff]
[    0.000000]   DMA32    [mem 0x0000000001000000-0x000000003ffeffff]
[    0.000000]   Normal   empty
[    0.000000]   Device   empty
[    0.000000] Movable zone start for each node
[    0.000000] Early memory node ranges
[    0.000000]   node   0: [mem 0x0000000000001000-0x000000000009efff]
[    0.000000]   node   0: [mem 0x0000000000100000-0x000000003ffeffff]
[    0.000000] Reserved but unavailable: 104 pages
[    0.000000] Initmem setup node 0 [mem 0x0000000000001000-0x000000003ffeffff]
[    0.000000] ACPI: PM-Timer IO Port: 0x4008
[    0.000000] IOAPIC[0]: apic_id 2, version 32, address 0xfec00000, GSI 0-23
[    0.000000] ACPI: INT_SRC_OVR (bus 0 bus_irq 0 global_irq 2 dfl dfl)
[    0.000000] ACPI: INT_SRC_OVR (bus 0 bus_irq 9 global_irq 9 low level)
[    0.000000] Using ACPI (MADT) for SMP configuration information
[    0.000000] smpboot: Allowing 2 CPUs, 0 hotplug CPUs
[    0.000000] PM: Registered nosave memory: [mem 0x00000000-0x00000fff]
[    0.000000] PM: Registered nosave memory: [mem 0x0009f000-0x0009ffff]
[    0.000000] PM: Registered nosave memory: [mem 0x000a0000-0x000effff]
[    0.000000] PM: Registered nosave memory: [mem 0x000f0000-0x000fffff]
[    0.000000] e820: [mem 0x40000000-0xfebfffff] available for PCI devices
[    0.000000] Booting paravirtualized kernel on KVM
[    0.000000] clocksource: refined-jiffies: mask: 0xffffffff max_cycles: 0xffffffff, max_idle_ns: 7645519600211568 ns
[    0.000000] setup_percpu: NR_CPUS:8192 nr_cpumask_bits:2 nr_cpu_ids:2 nr_node_ids:1
[    0.000000] percpu: Embedded 50 pages/cpu s167936 r8192 d28672 u1048576
[    0.000000] PV qspinlock hash table entries: 256 (order: 0, 4096 bytes)
[    0.000000] Built 1 zonelists, mobility grouping on.  Total pages: 257913
[    0.000000] Policy zone: DMA32
[    0.000000] Kernel command line: BOOT_IMAGE=/boot/vmlinuz-4.15.0-212-generic root=LABEL=cloudimg-rootfs ro console=tty1 console=ttyS0
[    0.000000] Memory: 982644K/1048120K available (12300K kernel code, 2477K rwdata, 4324K rodata, 2480K init, 2720K bss, 65476K reserved, 0K cma-reserved)
[    0.000000] SLUB: HWalign=64, Order=0-3, MinObjects=0, CPUs=2, Nodes=1
[    0.000000] ftrace: allocating 39508 entries in 155 pages
[    0.004000] Hierarchical RCU implementation.
[    0.004000] 	RCU restricting CPUs from NR_CPUS=8192 to nr_cpu_ids=2.
[    0.004000] 	Tasks RCU enabled.
[    0.004000] RCU: Adjusting geometry for rcu_fanout_leaf=16, nr_cpu_ids=2
[    0.004000] NR_IRQS: 524544, nr_irqs: 440, preallocated irqs: 16
[    0.004000] random: crng init done
[    0.004000] Console: colour VGA+ 80x25
[    0.004000] console [tty1] enabled
[    0.004000] console [ttyS0] enabled
[    0.004000] ACPI: Core revision 20170831
[    0.004000] ACPI: 2 ACPI AML tables successfully acquired and loaded
[    0.004000] APIC: Switch to symmetric I/O mode setup
[    0.004000] ..TIMER: vector=0x30 apic1=0 pin1=2 apic2=-1 pin2=-1
[    0.004007] tsc: Detected 2096.004 MHz processor
[    0.008010] Calibrating delay loop (skipped) preset value.. 4192.00 BogoMIPS (lpj=8384016)
[    0.012008] pid_max: default: 32768 minimum: 301
[    0.016157] Security Framework initialized
[    0.020008] Yama: becoming mindful.
[    0.024155] AppArmor: AppArmor initialized
[    0.038513] Dentry cache hash table entries: 131072 (order: 8, 1048576 bytes)
[    0.044312] Inode-cache hash table entries: 65536 (order: 7, 524288 bytes)
[    0.048168] Mount-cache hash table entries: 2048 (order: 2, 16384 bytes)
[    0.052159] Mountpoint-cache hash table entries: 2048 (order: 2, 16384 bytes)
[    0.061899] Last level iTLB entries: 4KB 1024, 2MB 1024, 4MB 512
[    0.064005] Last level dTLB entries: 4KB 1536, 2MB 1536, 4MB 768, 1GB 0
[    0.068007] Spectre V1 : Mitigation: usercopy/swapgs barriers and __user pointer sanitization
[    0.072008] Spectre V2 : Mitigation: Retpolines
[    0.076004] Spectre V2 : Spectre v2 / SpectreRSB mitigation: Filling RSB on context switch
[    0.080007] Spectre V2 : Spectre v2 / SpectreRSB : Filling RSB on VMEXIT
[    0.084006] RETBleed: Vulnerable
[    0.088235] Freeing SMP alternatives memory: 36K
[    0.208767] smpboot: CPU0: AMD Ryzen 5 3500U with Radeon Vega Mobile Gfx (family: 0x17, model: 0x18, stepping: 0x1)
[    0.212746] Performance Events: PMU not available due to virtualization, using software events only.
[    0.216415] Hierarchical SRCU implementation.
[    0.224223] NMI watchdog: Perf event create on CPU 0 failed with -2
[    0.228006] NMI watchdog: Perf NMI watchdog permanently disabled
[    0.236179] smp: Bringing up secondary CPUs ...
[    0.241707] x86: Booting SMP configuration:
[    0.244005] .... node  #0, CPUs:      #1
[    0.004000] kvm-clock: cpu 1, msr 0:3ff44041, secondary cpu clock
[    0.260000] TSC synchronization [CPU#0 -> CPU#1]:
[    0.260000] Measured 101139 cycles TSC warp between CPUs, turning off TSC clock.
[    0.260000] tsc: Marking TSC unstable due to check_tsc_sync_source failed
[    0.264461] smp: Brought up 1 node, 2 CPUs
[    0.268011] smpboot: Max logical packages: 1
[    0.272008] smpboot: Total of 2 processors activated (8384.01 BogoMIPS)
[    0.280315] devtmpfs: initialized
[    0.288897] x86/mm: Memory block size: 128MB
[    0.300665] evm: security.selinux
[    0.308004] evm: security.SMACK64
[    0.312003] evm: security.SMACK64EXEC
[    0.320004] evm: security.SMACK64TRANSMUTE
[    0.328005] evm: security.SMACK64MMAP
[    0.336005] evm: security.apparmor
[    0.344006] evm: security.ima
[    0.352004] evm: security.capability
[    0.364592] clocksource: jiffies: mask: 0xffffffff max_cycles: 0xffffffff, max_idle_ns: 7645041785100000 ns
[    0.368167] futex hash table entries: 512 (order: 3, 32768 bytes)
[    0.372273] pinctrl core: initialized pinctrl subsystem
[    0.376904] RTC time: 16:07:36, date: 03/07/24
[    0.382090] NET: Registered protocol family 16
[    0.384244] audit: initializing netlink subsys (disabled)
[    0.392261] audit: type=2000 audit(1709827661.254:1): state=initialized audit_enabled=0 res=1
[    0.404152] cpuidle: using governor ladder
[    0.412592] cpuidle: using governor menu
[    0.422193] ACPI: bus type PCI registered
[    0.424006] acpiphp: ACPI Hot Plug PCI Controller Driver version: 0.5
[    0.429005] PCI: Using configuration type 1 for base access
[    0.432005] PCI: Using configuration type 1 for extended access
[    0.444347] HugeTLB registered 2.00 MiB page size, pre-allocated 0 pages
[    0.460555] ACPI: Added _OSI(Module Device)
[    0.464148] ACPI: Added _OSI(Processor Device)
[    0.468007] ACPI: Added _OSI(3.0 _SCP Extensions)
[    0.472005] ACPI: Added _OSI(Processor Aggregator Device)
[    0.476009] ACPI: Added _OSI(Linux-Dell-Video)
[    0.480006] ACPI: Added _OSI(Linux-Lenovo-NV-HDMI-Audio)
[    0.484006] ACPI: Added _OSI(Linux-HPI-Hybrid-Graphics)
[    0.492319] ACPI: Executed 1 blocks of module-level executable AML code
[    0.503458] ACPI: Interpreter enabled
[    0.504022] ACPI: (supports S0 S5)
[    0.508009] ACPI: Using IOAPIC for interrupt routing
[    0.512682] PCI: Using host bridge windows from ACPI; if necessary, use "pci=nocrs" and report a bug
[    0.516421] ACPI: Enabled 2 GPEs in block 00 to 07
[    0.536723] ACPI: PCI Root Bridge [PCI0] (domain 0000 [bus 00-ff])
[    0.540018] acpi PNP0A03:00: _OSC: OS supports [ExtendedConfig ASPM ClockPM Segments MSI]
[    0.546470] acpi PNP0A03:00: _OSC: platform does not support [PCIeCapability]
[    0.549226] acpi PNP0A03:00: _OSC: not requesting control; platform does not support [PCIeCapability]
[    0.552011] acpi PNP0A03:00: _OSC: OS requested [PCIeHotplug PME AER PCIeCapability]
[    0.556008] acpi PNP0A03:00: _OSC: platform willing to grant [PCIeHotplug PME AER]
[    0.560010] acpi PNP0A03:00: _OSC failed (AE_SUPPORT); disabling ASPM
[    0.568075] PCI host bridge to bus 0000:00
[    0.572010] pci_bus 0000:00: root bus resource [io  0x0000-0x0cf7 window]
[    0.576010] pci_bus 0000:00: root bus resource [io  0x0d00-0xffff window]
[    0.580065] pci_bus 0000:00: root bus resource [mem 0x000a0000-0x000bffff window]
[    0.584009] pci_bus 0000:00: root bus resource [mem 0x40000000-0xfdffffff window]
[    0.588011] pci_bus 0000:00: root bus resource [bus 00-ff]
[    0.605223] pci 0000:00:01.1: legacy IDE quirk: reg 0x10: [io  0x01f0-0x01f7]
[    0.608012] pci 0000:00:01.1: legacy IDE quirk: reg 0x14: [io  0x03f6]
[    0.612010] pci 0000:00:01.1: legacy IDE quirk: reg 0x18: [io  0x0170-0x0177]
[    0.616007] pci 0000:00:01.1: legacy IDE quirk: reg 0x1c: [io  0x0376]
[    0.652590] pci 0000:00:07.0: quirk: [io  0x4000-0x403f] claimed by PIIX4 ACPI
[    0.656087] pci 0000:00:07.0: quirk: [io  0x4100-0x410f] claimed by PIIX4 SMB
[    0.689196] ACPI: PCI Interrupt Link [LNKA] (IRQs 5 9 10 *11)
[    0.692958] ACPI: PCI Interrupt Link [LNKB] (IRQs 5 9 *10 11)
[    0.696471] ACPI: PCI Interrupt Link [LNKC] (IRQs 5 *9 10 11)
[    0.704290] ACPI: PCI Interrupt Link [LNKD] (IRQs 5 9 10 *11)
[    0.712749] SCSI subsystem initialized
[    0.720466] pci 0000:00:02.0: vgaarb: setting as boot VGA device
[    0.724000] pci 0000:00:02.0: vgaarb: VGA device added: decodes=io+mem,owns=io+mem,locks=none
[    0.724012] pci 0000:00:02.0: vgaarb: bridge control possible
[    0.728008] vgaarb: loaded
[    0.732114] ACPI: bus type USB registered
[    0.736032] usbcore: registered new interface driver usbfs
[    0.740088] usbcore: registered new interface driver hub
[    0.744022] usbcore: registered new device driver usb
[    0.752213] EDAC MC: Ver: 3.0.0
[    0.764370] PCI: Using ACPI for IRQ routing
[    0.769400] NetLabel: Initializing
[    0.772004] NetLabel:  domain hash size = 128
[    0.780007] NetLabel:  protocols = UNLABELED CIPSOv4 CALIPSO
[    0.784282] NetLabel:  unlabeled traffic allowed by default
[    0.792265] clocksource: Switched to clocksource kvm-clock
[    0.814589] VFS: Disk quotas dquot_6.6.0
[    0.814589] VFS: Dquot-cache hash table entries: 512 (order 0, 4096 bytes)
[    0.814589] AppArmor: AppArmor Filesystem Enabled
[    0.814589] pnp: PnP ACPI init
[    0.814589] pnp: PnP ACPI: found 3 devices
[    0.969889] clocksource: acpi_pm: mask: 0xffffff max_cycles: 0xffffff, max_idle_ns: 2085701024 ns
[    0.972838] NET: Registered protocol family 2
[    0.972838] IP idents hash table entries: 16384 (order: 5, 131072 bytes)
[    1.003986] TCP established hash table entries: 8192 (order: 4, 65536 bytes)
[    1.016232] TCP bind hash table entries: 8192 (order: 5, 131072 bytes)
[    1.019697] TCP: Hash tables configured (established 8192 bind 8192)
[    1.019697] UDP hash table entries: 512 (order: 2, 16384 bytes)
[    1.019697] UDP-Lite hash table entries: 512 (order: 2, 16384 bytes)
[    1.019697] NET: Registered protocol family 1
[    1.019697] pci 0000:00:00.0: Limiting direct PCI/PCI transfers
[    1.019697] pci 0000:00:01.0: Activating ISA DMA hang workarounds
[    1.019697] pci 0000:00:02.0: Video device with shadowed ROM at [mem 0x000c0000-0x000dffff]
[    1.019697] Unpacking initramfs...
[    2.231878] Freeing initrd memory: 19528K
[    2.237575] clocksource: tsc: mask: 0xffffffffffffffff max_cycles: 0x1e36717b5e9, max_idle_ns: 440795204355 ns
[    2.251186] platform rtc_cmos: registered platform RTC device (no PNP device found)
[    2.261229] Scanning for low memory corruption every 60 seconds
[    2.273324] Initialise system trusted keyrings
[    2.279312] Key type blacklist registered
[    2.285772] workingset: timestamp_bits=36 max_order=18 bucket_order=0
[    2.297941] zbud: loaded
[    2.303722] squashfs: version 4.0 (2009/01/31) Phillip Lougher
[    2.313783] fuse init (API version 7.26)
[    2.379182] Key type asymmetric registered
[    2.385510] Asymmetric key parser 'x509' registered
[    2.392523] Block layer SCSI generic (bsg) driver version 0.4 loaded (major 246)
[    2.402834] io scheduler noop registered
[    2.408343] io scheduler deadline registered
[    2.414241] io scheduler cfq registered (default)
[    2.421974] ACPI: AC Adapter [AC] (on-line)
[    2.427599] input: Power Button as /devices/LNXSYSTM:00/LNXPWRBN:00/input/input0
[    2.438818] ACPI: Power Button [PWRF]
[    2.444361] input: Sleep Button as /devices/LNXSYSTM:00/LNXSLPBN:00/input/input1
[    2.454761] ACPI: Sleep Button [SLPF]
[    2.464435] Serial: 8250/16550 driver, 32 ports, IRQ sharing enabled
[    2.467294] ACPI: Battery Slot [BAT0] (battery present)
[    2.512549] 00:02: ttyS0 at I/O 0x3f8 (irq = 4, base_baud = 115200) is a 16550A
[    2.544894] Linux agpgart interface v0.103
[    2.570298] loop: module loaded
[    2.581885] scsi host0: ata_piix
[    2.590261] scsi host1: ata_piix
[    2.596159] ata1: PATA max UDMA/33 cmd 0x1f0 ctl 0x3f6 bmdma 0xd000 irq 14
[    2.599957] ata2: PATA max UDMA/33 cmd 0x170 ctl 0x376 bmdma 0xd008 irq 15
[    2.618516] tun: Universal TUN/TAP device driver, 1.6
[    2.627343] PPP generic driver version 2.4.2
[    2.633637] ehci_hcd: USB 2.0 'Enhanced' Host Controller (EHCI) Driver
[    2.641684] ehci-pci: EHCI PCI platform driver
[    2.647124] ehci-platform: EHCI generic platform driver
[    2.653482] ohci_hcd: USB 1.1 'Open' Host Controller (OHCI) Driver
[    2.661084] ohci-pci: OHCI PCI platform driver
[    2.666951] ohci-platform: OHCI generic platform driver
[    2.673616] uhci_hcd: USB Universal Host Controller Interface driver
[    2.682350] i8042: PNP: PS/2 Controller [PNP0303:PS2K,PNP0f03:PS2M] at 0x60,0x64 irq 1,12
[    2.699636] serio: i8042 KBD port at 0x60,0x64 irq 1
[    2.706572] serio: i8042 AUX port at 0x60,0x64 irq 12
[    2.714899] mousedev: PS/2 mouse device common for all mice
[    2.729929] input: AT Translated Set 2 keyboard as /devices/platform/i8042/serio0/input/input2
[    2.730319] rtc_cmos rtc_cmos: rtc core: registered rtc_cmos as rtc0
[    2.753193] rtc_cmos rtc_cmos: alarms up to one day, 114 bytes nvram
[    2.761489] i2c /dev entries driver
[    2.766867] device-mapper: uevent: version 1.0.3
[    2.820629] device-mapper: ioctl: 4.37.0-ioctl (2017-09-20) initialised: dm-devel@redhat.com
[    2.866799] ledtrig-cpu: registered to indicate activity on CPUs
[    2.878783] NET: Registered protocol family 10
[    2.902600] Segment Routing with IPv6
[    2.908095] NET: Registered protocol family 17
[    2.914853] Key type dns_resolver registered
[    2.922997] mce: Using 0 MCE banks
[    2.929212] RAS: Correctable Errors collector initialized.
[    2.937709] sched_clock: Marking stable (2937592035, 0)->(4388753540, -1451161505)
[    2.957465] registered taskstats version 1
[    2.964587] Loading compiled-in X.509 certificates
[    2.977096] Loaded X.509 cert 'Build time autogenerated kernel key: b5b26778eaa3ab3a4a6cee031137706e947d12ad'
[    2.990547] Loaded X.509 cert 'Canonical Ltd. Live Patch Signing: 14df34d1a87cf37625abec039ef2bf521249b969'
[    3.004553] Loaded X.509 cert 'Canonical Ltd. Kernel Module Signing: 88f752e560a1e0737e31163a466ad7b70a850c19'
[    3.018831] blacklist: Loading compiled-in revocation X.509 certificates
[    3.028993] Loaded X.509 cert 'Canonical Ltd. Secure Boot Signing: 61482aa2830d0ab2ad5af10b7250da9033ddcef0'
[    3.045639] Loaded X.509 cert 'Canonical Ltd. Secure Boot Signing (2017): 242ade75ac4a15e50d50c84b0d45ff3eae707a03'
[    3.064219] Loaded X.509 cert 'Canonical Ltd. Secure Boot Signing (ESM 2018): 365188c1d374d6b07c3c8f240f8ef722433d6a8b'
[    3.085645] Loaded X.509 cert 'Canonical Ltd. Secure Boot Signing (2019): c0746fd6c5da3ae827864651ad66ae47fe24b3e8'
[    3.105685] Loaded X.509 cert 'Canonical Ltd. Secure Boot Signing (2021 v1): a8d54bbb3825cfb94fa13c9f8a594a195c107b8d'
[    3.126833] Loaded X.509 cert 'Canonical Ltd. Secure Boot Signing (2021 v2): 4cf046892d6fd3c9a5b03f98d845f90851dc6a8c'
[    3.150155] Loaded X.509 cert 'Canonical Ltd. Secure Boot Signing (2021 v3): 100437bb6de6e469b581e61cd66bce3ef4ed53af'
[    3.169599] Loaded X.509 cert 'Canonical Ltd. Secure Boot Signing (Ubuntu Core 2019): c1d57b8f6b743f23ee41f4f7ee292f06eecadfb9'
[    3.190050] zswap: loaded using pool lzo/zbud
[    3.219890] Key type big_key registered
[    3.227899] Key type trusted registered
[    3.242421] Key type encrypted registered
[    3.251509] AppArmor: AppArmor sha1 policy hashing enabled
[    3.263532] ima: No TPM chip found, activating TPM-bypass! (rc=-19)
[    3.280799] ima: Allocated hash algorithm: sha1
[    3.293451] evm: HMAC attrs: 0x1
[    3.305542]   Magic number: 0:269:135
[    3.317464] rtc_cmos rtc_cmos: setting system clock to 2024-03-07 16:07:39 UTC (1709827659)
[    3.337890] BIOS EDD facility v0.16 2004-Jun-25, 0 devices found
[    3.351052] EDD information not available.
[    3.367593] Freeing unused kernel image memory: 2480K
[    3.400584] Write protecting the kernel read-only data: 20480k
[    3.418384] Freeing unused kernel image memory: 2008K
[    3.432919] Freeing unused kernel image memory: 1820K
[    3.458032] x86/mm: Checked W+X mappings: passed, no W+X pages found.
Loading, please wait...
starting version 237
[    3.637201] e1000: Intel(R) PRO/1000 Network Driver - version 7.3.21-k8-NAPI
[    3.664864] e1000: Copyright (c) 1999-2006 Intel Corporation.
[    3.690919] Fusion MPT base driver 3.04.20
[    3.706764] Copyright (c) 1999-2008 LSI Corporation
[    3.819261] Fusion MPT SPI Host driver 3.04.20
[    3.871038] SSE version of gcm_enc/dec engaged.
[    4.060685] input: ImExPS/2 Generic Explorer Mouse as /devices/platform/i8042/serio1/input/input4
[    4.928226] e1000 0000:00:03.0 eth0: (PCI:33MHz:32-bit) 02:3b:7b:b7:3b:2d
[    4.938554] e1000 0000:00:03.0 eth0: Intel(R) PRO/1000 Network Connection
[    5.991837] e1000 0000:00:08.0 eth1: (PCI:33MHz:32-bit) 08:00:27:08:ea:da
[    6.000275] e1000 0000:00:08.0 eth1: Intel(R) PRO/1000 Network Connection
[    6.014006] mptbase: ioc0: Initiating bringup
[    6.136928] ioc0: LSI53C1030 A0: Capabilities={Initiator}
[    6.400243] scsi host2: ioc0: LSI53C1030 A0, FwRev=00000000h, Ports=1, MaxQ=256, IRQ=20
[    6.578445] scsi 2:0:0:0: Direct-Access     VBOX     HARDDISK         1.0  PQ: 0 ANSI: 5
[    6.612214] scsi target2:0:0: Beginning Domain Validation
[    6.659712] scsi target2:0:0: Domain Validation skipping write tests
[    6.671383] scsi target2:0:0: Ending Domain Validation
[    6.681273] scsi target2:0:0: asynchronous
[    6.692543] scsi 2:0:1:0: Direct-Access     VBOX     HARDDISK         1.0  PQ: 0 ANSI: 5
[    6.976261] scsi target2:0:1: Beginning Domain Validation
[    6.996721] scsi target2:0:1: Domain Validation skipping write tests
[    7.005684] scsi target2:0:1: Ending Domain Validation
[    7.014232] scsi target2:0:1: asynchronous
[    7.040118] sd 2:0:0:0: Attached scsi generic sg0 type 0
[    7.042255] sd 2:0:0:0: [sda] 83886080 512-byte logical blocks: (42.9 GB/40.0 GiB)
[    7.048075] sd 2:0:1:0: Attached scsi generic sg1 type 0
[    7.061294] sd 2:0:1:0: [sdb] 20480 512-byte logical blocks: (10.5 MB/10.0 MiB)
[    7.081299] sd 2:0:0:0: [sda] Write Protect is off
[    7.089687] sd 2:0:1:0: [sdb] Write Protect is off
[    7.098791] sd 2:0:0:0: [sda] Incomplete mode parameter data
[    7.109398] sd 2:0:0:0: [sda] Assuming drive cache: write through
[    7.121115] sd 2:0:1:0: [sdb] Incomplete mode parameter data
[    7.130285] sd 2:0:1:0: [sdb] Assuming drive cache: write through
[    7.147653]  sda: sda1
[    7.158687] sd 2:0:0:0: [sda] Attached SCSI disk
[    7.172520] sd 2:0:1:0: [sdb] Attached SCSI disk
[    7.622219] e1000 0000:00:09.0 eth2: (PCI:33MHz:32-bit) 08:00:27:f8:ed:92
[    7.630673] e1000 0000:00:09.0 eth2: Intel(R) PRO/1000 Network Connection
[    7.642881] e1000 0000:00:03.0 enp0s3: renamed from eth0
[    7.765022] e1000 0000:00:08.0 enp0s8: renamed from eth1
[    7.824912] e1000 0000:00:09.0 enp0s9: renamed from eth2
Begin: Loading essential drivers ... [   11.820326] raid6: sse2x1   gen()  4335 MB/s
[   11.876579] raid6: sse2x1   xor()  4059 MB/s
[   11.932458] raid6: sse2x2   gen()  4304 MB/s
[   11.996738] raid6: sse2x2   xor()  3095 MB/s
[   12.056751] raid6: sse2x4   gen()  7488 MB/s
[   12.112723] raid6: sse2x4   xor()  4940 MB/s
[   12.121500] raid6: using algorithm sse2x4 gen() 7488 MB/s
[   12.131299] raid6: .... xor() 4940 MB/s, rmw enabled
[   12.140445] raid6: using ssse3x2 recovery algorithm
[   12.153133] xor: measuring software checksum speed
[   12.200147]    prefetch64-sse: 12015.000 MB/sec
[   12.244175]    generic_sse: 10827.000 MB/sec
[   12.251010] xor: using function: prefetch64-sse (12015.000 MB/sec)
[   12.264620] async_tx: api initialized (async)
done.
Begin: Running /scripts/init-premount ... done.
Begin: Mounting root file system ... Begin: Running /scripts/local-top ... done.
Begin: Running /scripts/local-premount ... [   12.386014] Btrfs loaded, crc32c=crc32c-intel
Scanning for Btrfs filesystems
done.
Warning: fsck not present, so skipping root file system
[   12.490079] EXT4-fs (sda1): mounted filesystem with ordered data mode. Opts: (null)
done.
Begin: Running /scripts/local-bottom ... done.
Begin: Running /scripts/init-bottom ... done.
[   12.838559] ip_tables: (C) 2000-2006 Netfilter Core Team
[   12.868953] systemd[1]: systemd 237 running in system mode. (+PAM +AUDIT +SELINUX +IMA +APPARMOR +SMACK +SYSVINIT +UTMP +LIBCRYPTSETUP +GCRYPT +GNUTLS +ACL +XZ +LZ4 +SECCOMP +BLKID +ELFUTILS +KMOD -IDN2 +IDN -PCRE2 default-hierarchy=hybrid)
[   12.894666] systemd[1]: Detected virtualization oracle.
[   12.901377] systemd[1]: Detected architecture x86-64.

Welcome to [1mUbuntu 18.04.6 LTS[0m!

[   12.960674] systemd[1]: Set hostname to <ubuntu-bionic>.
[   13.500660] systemd[1]: Reached target User and Group Name Lookups.
[[0;32m  OK  [0m] Reached target User and Group Name Lookups.
[   13.526843] systemd[1]: Set up automount Arbitrary Executable File Formats File System Automount Point.
[[0;32m  OK  [0m] Set up automount Arbitrary Executabâ€¦rmats File System Automount Point.
[   13.548004] systemd[1]: Reached target Swap.
[[0;32m  OK  [0m] Reached target Swap.
[   13.561186] systemd[1]: Started Forward Password Requests to Wall Directory Watch.
[[0;32m  OK  [0m] Started Forward Password Requests to Wall Directory Watch.
[   13.603035] systemd[1]: Created slice System Slice.
[[0;32m  OK  [0m] Created slice System Slice.
[   13.617610] systemd[1]: Listening on Journal Audit Socket.
[[0;32m  OK  [0m] Listening on Journal Audit Socket.
[[0;32m  OK  [0m] Listening on LVM2 metadata daemon socket.
[[0;32m  OK  [0m] Listening on Syslog Socket.
[[0;32m  OK  [0m] Listening on Journal Socket (/dev/log).
[[0;32m  OK  [0m] Listening on LVM2 poll daemon socket.
[[0;32m  OK  [0m] Listening on udev Kernel Socket.
[[0;32m  OK  [0m] Listening on Network Service Netlink Socket.
[[0;32m  OK  [0m] Listening on /dev/initctl Compatibility Named Pipe.
[[0;32m  OK  [0m] Created slice system-serial\x2dgetty.slice.
[[0;32m  OK  [0m] Listening on fsck to fsckd communication Socket.
[[0;32m  OK  [0m] Listening on Journal Socket.
         Starting File System Check on Root Device...
         Mounting Kernel Debug File System...
         Starting Load Kernel Modules...
         Mounting Huge Pages File System...
         Mounting POSIX Message Queue File System...
         Starting Set the console keyboard layout...
[[0;32m  OK  [0m] Reached target Mounting snaps.
[[0;32m  OK  [0m] Created slice User and Session Slice.
[[0;32m  OK  [0m] Reached target Slices.
         Starting Journal Service...
         Starting Uncomplicated firewall...
[[0;32m  OK  [0m] Listening on Device-mapper event daemon FIFOs.
[   13.862203] Loading iSCSI transport class v2.0-870.
         Starting Monitoring of LVM2 mirrorsâ€¦ng dmeventd or progress polling...
[[0;32m  OK  [0m] Listening on udev Control Socket.
         Starting udev Coldplug all Devices...
[[0;32m  OK  [0m] Reached target Mounted snaps.
[[0;32m  OK  [0m] Reached target System Time Synchronized.
         Starting Create list of required stâ€¦ce nodes for the current kernel...
[[0;32m  OK  [0m] Started File System Check on Root Device.
[[0;32m  OK  [0m] Mounted Kernel Debug File System.
[[0;32m  OK  [0m] Mounted Huge Pages File System.
[[0;32m  OK  [0m] Mounted POSIX Message Queue File System.
[[0;32m  OK  [0m] Started Uncomplicated firewall.
[[0;32m  OK  [0m] Started File System Check Daemon to report status.
[   14.034821] iscsi: registered transport (tcp)
         Starting Remount Root and Kernel File Systems...
[[0;32m  OK  [0m] Started Create list of required staâ€¦vice nodes for the current kernel.
         Starting Create Static Device Nodes in /dev...
[[0;32m  OK  [0m] Started LVM2 metadata daemon.
[[0;32m  OK  [0m] Started udev Coldplug all Devices.
[[0;32m  OK  [0m] Started Journal Service.
[[0;32m  OK  [0m] Started Create Static Device Nodes in /dev.
[   14.230146] EXT4-fs (sda1): re-mounted. Opts: (null)
[[0;32m  OK  [0m] Started Set the console keyboard layout.
[[0;32m  OK  [0m] Started Remount Root and Kernel File Systems.
         Starting udev Kernel Device Manager...
         Starting Load/Save Random Seed...
         Starting Flush Journal to Persistent Storage...
[[0;32m  OK  [0m] Started Monitoring of LVM2 mirrors,â€¦sing dmeventd or progress polling.
[[0;32m  OK  [0m] Reached target Local File Systems (Pre).
[[0;32m  OK  [0m] Reached target Local File Systems.
         Starting ebtables ruleset management...
         Starting Tell Plymouth To Write Out Runtime Data...
         Starting AppArmor initialization...
         Starting Set console font and keymap...
[[0;32m  OK  [0m] Started Tell Plymouth To Write Out Runtime Data.
[   14.371929] systemd-journald[407]: Received request to flush runtime journal from PID 1
[[0;32m  OK  [0m] Started Set console font and keymap.
[[0;32m  OK  [0m] Started Load/Save Random Seed.[   14.481044] iscsi: registered transport (iser)

[[0;32m  OK  [0m] Started Load Kernel Modules.
         Starting Apply Kernel Variables...
         Mounting Kernel Configuration File System...
         Mounting FUSE Control File System...
[[0;32m  OK  [0m] Mounted Kernel Configuration File System.
[[0;32m  OK  [0m] Started udev Kernel Device Manager.
[[0;32m  OK  [0m] Mounted FUSE Control File System.
[[0;32m  OK  [0m] Started Dispatch Password Requests to Console Directory Watch.
[[0;32m  OK  [0m] Reached target Local Encrypted Volumes.
[[0;32m  OK  [0m] Started Apply Kernel Variables.
[[0;32m  OK  [0m] Started ebtables ruleset management.
[[0;32m  OK  [0m] Started Flush Journal to Persistent Storage.
         Starting Create Volatile Files and Directories...
[[0;32m  OK  [0m] Started Create Volatile Files and Directories.
         Starting Update UTMP about System Boot/Shutdown...
[[0;32m  OK  [0m] Started Update UTMP about System Boot/Shutdown.
[[0;32m  OK  [0m] Started AppArmor initialization.
         Starting Initial cloud-init job (pre-networking)...
         Starting Load AppArmor profiles managed internally by snapd...
[[0;32m  OK  [0m] Found device /dev/ttyS0.
[[0;32m  OK  [0m] Listening on Load/Save RF Kill Switch Status /dev/rfkill Watch.
         Mounting Arbitrary Executable File Formats File System...
[[0;32m  OK  [0m] Mounted Arbitrary Executable File Formats File System.
[[0;32m  OK  [0m] Started Load AppArmor profiles managed internally by snapd.
[   19.449218] cloud-init[538]: Cloud-init v. 23.1.2-0ubuntu0~18.04.1 running 'init-local' at Thu, 07 Mar 2024 16:07:55 +0000. Up 19.00 seconds.
[[0;32m  OK  [0m] Started Initial cloud-init job (pre-networking).
[[0;32m  OK  [0m] Reached target Network (Pre).
         Starting Network Service...
[[0;32m  OK  [0m] Started Network Service.
         Starting Wait for Network to be Configured...
         Starting Network Name Resolution...
[[0;32m  OK  [0m] Started Network Name Resolution.
[[0;32m  OK  [0m] Reached target Host and Network Name Lookups.
[[0;32m  OK  [0m] Reached target Network.
[[0;32m  OK  [0m] Started Wait for Network to be Configured.
         Starting Initial cloud-init job (metadata service crawler)...
[   22.478299] cloud-init[682]: Cloud-init v. 23.1.2-0ubuntu0~18.04.1 running 'init' at Thu, 07 Mar 2024 16:07:58 +0000. Up 22.27 seconds.
[   22.492605] cloud-init[682]: ci-info: ++++++++++++++++++++++++++++++++++++++Net device info+++++++++++++++++++++++++++++++++++++++
[   22.501405] cloud-init[682]: ci-info: +--------+------+-----------------------------+---------------+--------+-------------------+
[   22.510296] cloud-init[682]: ci-info: | Device |  Up  |           Address           |      Mask     | Scope  |     Hw-Address    |
[   22.521457] cloud-init[682]: ci-info: +--------+------+-----------------------------+---------------+--------+-------------------+
[   22.531490] cloud-init[682]: ci-info: | enp0s3 | True |          10.0.2.15          | 255.255.255.0 | global | 02:3b:7b:b7:3b:2d |
[   22.541901] cloud-init[682]: ci-info: | enp0s3 | True |  fe80::3b:7bff:feb7:3b2d/64 |       .       |  link  | 02:3b:7b:b7:3b:2d |
[   22.553303] cloud-init[682]: ci-info: | enp0s8 | True |        192.168.33.100       | 255.255.255.0 | global | 08:00:27:08:ea:da |
[   22.566273] cloud-init[682]: ci-info: | enp0s8 | True | fe80::a00:27ff:fe08:eada/64 |       .       |  link  | 08:00:27:08:ea:da |
[   22.579581] cloud-init[682]: ci-info: | enp0s9 | True |        192.168.21.126       | 255.255.255.0 | global | 08:00:27:f8:ed:92 |
[   22.595586] cloud-init[682]: ci-info: | enp0s9 | True | fe80::a00:27ff:fef8:ed92/64 |       .       |  link  | 08:00:27:f8:ed:92 |
[   22.610333] cloud-init[682]: ci-info: |   lo   | True |          127.0.0.1          |   255.0.0.0   |  host  |         .         |
[   22.626694] cloud-init[682]: ci-info: |   lo   | True |           ::1/128           |       .       |  host  |         .         |
[   22.642136] cloud-init[682]: ci-info: +--------+------+-----------------------------+---------------+--------+-------------------+
[   22.658616] cloud-init[682]: ci-info: +++++++++++++++++++++++++++++++Route IPv4 info+++++++++++++++++++++++++++++++
[   22.680297] cloud-init[682]: ci-info: +-------+--------------+--------------+-----------------+-----------+-------+
[   22.705742] cloud-init[682]: ci-info: | Route | Destination  |   Gateway    |     Genmask     | Interface | Flags |
[   22.731431] cloud-init[682]: ci-info: +-------+--------------+--------------+-----------------+-----------+-------+
[   22.766000] cloud-init[682]: ci-info: |   0   |   0.0.0.0    |   10.0.2.2   |     0.0.0.0     |   enp0s3  |   UG  |
[   22.781269] cloud-init[682]: ci-info: |   1   |   0.0.0.0    | 192.168.21.1 |     0.0.0.0     |   enp0s9  |   UG  |
[   22.794317] cloud-init[682]: ci-info: |   2   |   10.0.2.0   |   0.0.0.0    |  255.255.255.0  |   enp0s3  |   U   |
[   22.820807] cloud-init[682]: ci-info: |   3   |   10.0.2.2   |   0.0.0.0    | 255.255.255.255 |   enp0s3  |   UH  |
[   22.830968] cloud-init[682]: ci-info: |   4   | 192.168.21.0 |   0.0.0.0    |  255.255.255.0  |   enp0s9  |   U   |
[   22.840249] cloud-init[682]: ci-info: |   5   | 192.168.21.1 |   0.0.0.0    | 255.255.255.255 |   enp0s9  |   UH  |
[   22.853021] cloud-init[682]: ci-info: |   6   | 192.168.33.0 |   0.0.0.0    |  255.255.255.0  |   enp0s8  |   U   |
[   22.863379] cloud-init[682]: ci-info: +-------+--------------+--------------+-----------------+-----------+-------+
[   22.871055] cloud-init[682]: ci-info: +++++++++++++++++++Route IPv6 info+++++++++++++++++++
[   22.877104] cloud-init[682]: ci-info: +-------+-------------+---------+-----------+-------+
[   22.883858] cloud-init[682]: ci-info: | Route | Destination | Gateway | Interface | Flags |
[   22.891096] cloud-init[682]: ci-info: +-------+-------------+---------+-----------+-------+
[   22.897798] cloud-init[682]: ci-info: |   1   |  fe80::/64  |    ::   |   enp0s9  |   U   |
[   22.905105] cloud-init[682]: ci-info: |   2   |  fe80::/64  |    ::   |   enp0s8  |   U   |
[   22.912090] cloud-init[682]: ci-info: |   3   |  fe80::/64  |    ::   |   enp0s3  |   U   |
[   22.919128] cloud-init[682]: ci-info: |   5   |    local    |    ::   |   enp0s3  |   U   |
[   22.926191] cloud-init[682]: ci-info: |   6   |    local    |    ::   |   enp0s8  |   U   |
[   22.932907] cloud-init[682]: ci-info: |   7   |    local    |    ::   |   enp0s9  |   U   |
[   22.939398] cloud-init[682]: ci-info: |   8   |   ff00::/8  |    ::   |   enp0s9  |   U   |
[   22.946924] cloud-init[682]: ci-info: |   9   |   ff00::/8  |    ::   |   enp0s8  |   U   |
[   22.953490] cloud-init[682]: ci-info: |   10  |   ff00::/8  |    ::   |   enp0s3  |   U   |
[   22.961281] cloud-init[682]: ci-info: +-------+-------------+---------+-----------+-------+
[[0;32m  OK  [0m] Started Initial cloud-init job (metadata service crawler).
[[0;32m  OK  [0m] Reached target System Initialization.
[[0;32m  OK  [0m] Started Ubuntu Advantage Timer for running repeated jobs.
[[0;32m  OK  [0m] Listening on UUID daemon activation socket.
         Starting Socket activation for snappy daemon.
[[0;32m  OK  [0m] Listening on D-Bus System Message Bus Socket.
[[0;32m  OK  [0m] Started Message of the Day.
[[0;32m  OK  [0m] Listening on cloud-init hotplug hook socket.
[[0;32m  OK  [0m] Started Discard unused blocks once a week.
         Starting LXD - unix socket.
[[0;32m  OK  [0m] Started Daily apt download activities.
[[0;32m  OK  [0m] Started Daily apt upgrade and clean activities.
[[0;32m  OK  [0m] Listening on ACPID Listen Socket.
[[0;32m  OK  [0m] Started ACPI Events Check.
[[0;32m  OK  [0m] Reached target Paths.
[[0;32m  OK  [0m] Listening on Open-iSCSI iscsid Socket.
[[0;32m  OK  [0m] Started Daily Cleanup of Temporary Directories.
[[0;32m  OK  [0m] Reached target Timers.
[[0;32m  OK  [0m] Reached target Network is Online.
[[0;32m  OK  [0m] Reached target Remote File Systems (Pre).
         Starting Availability of block devices...
         Mounting /vagrant...
         Mounting /vagrant_data...
[[0;32m  OK  [0m] Reached target Cloud-config availability.
[[0;32m  OK  [0m] Listening on Socket activation for snappy daemon.
[[0;32m  OK  [0m] Listening on LXD - unix socket.
[[0;32m  OK  [0m] Started Availability of block devices.
[[0;32m  OK  [0m] Reached target Sockets.
[[0;32m  OK  [0m] Reached target Basic System.
         Starting Accounts Service...
         Starting Login Service...
         Starting LSB: Record successful boot for GRUB...
         Starting System Logging Service...
[[0;32m  OK  [0m] Started irqbalance daemon.
         Starting Snap Daemon...
[[0;32m  OK  [0m] Reached target Login Prompts (Pre).
         Starting Virtualbox guest utils...
         Starting Dispatcher daemon for systemd-networkd...
[[0;32m  OK  [0m] Started D-Bus System Message Bus.
[[0;32m  OK  [0m] Started Deferred execution scheduler.
[[0;32m  OK  [0m] Started Regular background program processing daemon.
         Starting OpenBSD Secure Shell server...
[[0;32m  OK  [0m] Started FUSE filesystem for LXC.
         Starting LXD - container startup/shutdown...
[[0;32m  OK  [0m] Started System Logging Service.
[[0;32m  OK  [0m] Mounted /vagrant.
[[0;32m  OK  [0m] Mounted /vagrant_data.
[[0;32m  OK  [0m] Started Login Service.
[[0;32m  OK  [0m] Started Unattended Upgrades Shutdown.
[[0;32m  OK  [0m] Reached target Remote File Systems.
         Starting Permit User Sessions...
         Starting LSB: automatic crash report generation...
[[0;32m  OK  [0m] Started Permit User Sessions.
         Starting Hold until boot process finishes up...
         Starting Terminate Plymouth Boot Screen...
         Starting Authorization Manager...
[[0;32m  OK  [0m] Started Terminate Plymouth Boot Screen.
[[0;32m  OK  [0m] Started Hold until boot process finishes up.
         Starting Set console scheme...
[[0;32m  OK  [0m] Started Serial Getty on ttyS0.
[[0;32m  OK  [0m] Started LSB: Record successful boot for GRUB.
[[0;32m  OK  [0m] Started Set console scheme.
[[0;32m  OK  [0m] Created slice system-getty.slice.
[[0;32m  OK  [0m] Started Getty on tty1.
[[0;32m  OK  [0m] Reached target Login Prompts.
[[0;32m  OK  [0m] Started LSB: automatic crash report generation.
[[0;32m  OK  [0m] Started Authorization Manager.
[[0;32m  OK  [0m] Started Accounts Service.
[[0;32m  OK  [0m] Started OpenBSD Secure Shell server.
[[0;32m  OK  [0m] Started Virtualbox guest utils.
[[0;32m  OK  [0m] Started Dispatcher daemon for systemd-networkd.
[[0;32m  OK  [0m] Started LXD - container startup/shutdown.
[[0;32m  OK  [0m] Created slice User Slice of vagrant.
         Starting User Manager for UID 1000...
[[0;32m  OK  [0m] Started Session 1 of user vagrant.
[[0;32m  OK  [0m] Started User Manager for UID 1000.
[[0;32m  OK  [0m] Started Snap Daemon.
         Starting Wait until snapd is fully seeded...
         Starting Time & Date Service...
[[0;32m  OK  [0m] Started Time & Date Service.
[[0;32m  OK  [0m] Started Wait until snapd is fully seeded.
         Starting Apply the settings specified in cloud-config...
[   27.909382] cloud-init[1107]: Cloud-init v. 23.1.2-0ubuntu0~18.04.1 running 'modules:config' at Thu, 07 Mar 2024 16:08:03 +0000. Up 27.63 seconds.
[[0;32m  OK  [0m] Started Apply the settings specified in cloud-config.
[[0;32m  OK  [0m] Reached target Multi-User System.
[[0;32m  OK  [0m] Reached target Graphical Interface.
         Starting Execute cloud user/final scripts...
         Starting Update UTMP about System Runlevel Changes...
[[0;32m  OK  [0m] Started Update UTMP about System Runlevel Changes.
[[0;32m  OK  [0m] Stopped Wait for Network to be Configured.
         Stopping Network Service...
         Starting Network Service...
[   29.812361] cloud-init[1277]: Cloud-init v. 23.1.2-0ubuntu0~18.04.1 running 'modules:final' at Thu, 07 Mar 2024 16:08:05 +0000. Up 29.22 seconds.
[   29.813193] cloud-init[1277]: Cloud-init v. 23.1.2-0ubuntu0~18.04.1 finished at Thu, 07 Mar 2024 16:08:05 +0000. Datasource DataSourceNoCloud [seed=/dev/sdb][dsmode=net].  Up 29.79 seconds

Ubuntu 18.04.6 LTS ubuntu-bionic ttyS0

ubuntu-bionic login: 